       1 000000 010127  000200          START:  MOV R1, #200
       2 000004 010102                          MOV R1, R2
       3 000006 005302                          DEC R2
       4 000010 020227  000001                  CMP R2, #199
       5 000014 101012                          BHI J1
       6 000016 101403                          BLOS J3
       7                                        
       8 000020 005312                  J2:     DEC (R2)
       9 000022 005032                          CLR@(R2)+
      10 000024 103404                          BLO J5
      11                                        
      12 000026 005367  000000G         J3:     DEC R7
      13 000032 005231                          INC @(R1)+
      14 000034 005702                          TST R2
      15                                    
      16 000036 006132                  J5:     ROL @(R2)+
      17 000040 103367                          BHIS J2
      18                                    
      19 000042 000302                  J1:     SWAB R2
      20 000044 006202                          ASR R2
      21                                        
      22 000046 000000                  J4:     HALT
      22                                
