       1 000000 012704  000020                  MOV #20, R4
       2 000004 010214                          MOV R2,(R4)
       3                                        
       4 000006 160204                  START:  SUB R2, R4
       5 000010 005602                          SBC R2
       6 000012 167402  000000                  SUB @(R4),R2
       7 000016 100002                          BPL L1
       8 000020 005242                          INC -(R2)
       9 000022 103412                          BCS L3
      10                                        
      11 000024 020427  000020          L1:     CMP R4,#20
      12 000030 001005                          BNE L2
      13 000032 005022                          CLR (R2)+
      14 000034 005354                          DEC @-(R4)
      15 000036 103007                          BCC L4
      16 000040 006121                          ROL (R1)+
      17 000042 000311                          SWAB (R1)
      18                                        
      19 000044 005702                  L2:     TST R2
      20 000046 000403                          BR L4
      21                                
      22 000050 006301                  L3:     ASL R1
      23 000052 006301                          ASL R1
      24 000054 102002                          BVC DONE
      25                                        
      26 000056 051211                  L4:     BIS (R2),(R1)
      27 000060 000400                          BR DONE
      28                                        
      29 000062 000000                  DONE:   HALT
      29                                .END START
