       1 000000 010327  177730          START:	MOV R3,#-50    
       2 000004 005103                  		COM R3
       3 000006 100413                  		BMI L1
       4                                
       5 000010 005203                  L3:    	INC R3
       6 000012 000423                  		BR DONE
       7                                 
       8 000014 005043                  L2:     CLR -(R3)
       9 000016 005703                  		TST R3
      10 000020 006163  177750          		ROL -30(R3)
      11 000024 000313                  		SWAB (R3)
      12 000026 006203                  		ASR R3
      13 000030 000767                  		BR L3
      14                                 		 
      15 000032 006203                  L4:    	ASR R3
      16 000034 103005                  		BCC L5
      17                                		 
      18 000036 066703  000000G         L1:    	ADD R7, R3
      19 000042 005503                  		ADC R3    
      20 000044 005403                  		NEG R3                                                                                                                                                                      
      21 000046 005343                  		DEC -(R3)
      22                                		
      23 000050 006203                  L5:    	ASR R3
      24 000052 103400                  		BCS L6
      25                                 
      26 000054 036003  065536          L6:    	BIT 65536(R0),R3
      27 000060 002400                  		BLT DONE
      28                                 
      29 000062 000000                  DONE: 	HALT
      29                                .END START
