       1 000000 012701  000300          START:  MOV #300,R1
       2 000004 060100                          ADD R1, R0
       3 000006 005501                          ADC R1
       4 000010 060121                          ADD R1,(R1)+
       5 000012 005000                          CLR R0
       6 000014 000412                          BR L1
       7                                                
       8 000016 005261  000030          L3:     INC 30(R1)
       9 000022 060101                          ADD R1, R1
      10 000024 000423                          BR DONE
      11                                		
      12 000026 000301                  L2:     SWAB R1
      13 000030 005011                          CLR (R1)
      14 000032 005200                          INC R0
      15 000034 020027  000003                  CMP R0, #3
      16 000040 001366                          BNE L3
      17                                        
      18 000042 012702  177777          L1:     MOV #-1, R2
      19 000046 020201                          CMP R2, R1
      20 000050 002766                          BLT L2
      21 000052 000400                  		BR L4
      22                                        
      23 000054 005337  000010          L4:     DEC @#10
      24 000060 005701                          TST R1
      25 000062 006121                          ROL (R1)+
      26 000064 006201                          ASR R1
      27 000066 030001                          BIT R0, R1
      28 000070 100771                          BMI L4
      29 000072 003000                          BGT DONE
      30                                
      31 000074 000000                  DONE:   HALT
      31                                .END START
